// Jest Snapshot v1, https://goo.gl/fbAQLP

exports[`Store should handle a flurry of actions 1`] = `
Object {
  "fuelSavings": Object {
    "dateModified": "1/31 23:14:01",
    "displayResults": false,
    "milesDriven": 100,
    "milesDrivenTimeframe": "year",
    "necessaryDataIsProvidedToCalculateSavings": false,
    "newMpg": 20,
    "newPpg": 1.5,
    "savings": Object {
      "annual": "$390",
      "monthly": "$32.50",
      "threeYear": "$1,170",
    },
    "tradeMpg": 10,
    "tradePpg": 0
  },
  Object {
    "listings": Object {
      "count": 0,
      "results": [],
      "params": {},
      "type": 'Listing',
      "pagination": Object {
        "effective_limit": 25,
        "effective_offset": 0,
        "next_offset": 25,
        "effective_page": 1,
        "next_page": 2
      }
    }
  }
}
`;
